------------------------------------------------------------
TimeQuest Timing Analyzer Summary
------------------------------------------------------------

Type  : Slow 1200mV 85C Model Setup 'inst|altpll_component|auto_generated|pll1|clk[0]'
Slack : -4.379
TNS   : -17.719

Type  : Slow 1200mV 85C Model Setup 'VGA_SYNC_ORIGINAL:inst1|vert_sync_out'
Slack : -2.858
TNS   : -55.306

Type  : Slow 1200mV 85C Model Setup 'MOUSE:inst4|MOUSE_CLK_FILTER'
Slack : -1.462
TNS   : -37.323

Type  : Slow 1200mV 85C Model Hold 'inst|altpll_component|auto_generated|pll1|clk[0]'
Slack : -0.182
TNS   : -0.182

Type  : Slow 1200mV 85C Model Hold 'MOUSE:inst4|MOUSE_CLK_FILTER'
Slack : -0.118
TNS   : -0.169

Type  : Slow 1200mV 85C Model Hold 'VGA_SYNC_ORIGINAL:inst1|vert_sync_out'
Slack : 0.494
TNS   : 0.000

Type  : Slow 1200mV 85C Model Recovery 'MOUSE:inst4|MOUSE_CLK_FILTER'
Slack : -0.108
TNS   : -0.108

Type  : Slow 1200mV 85C Model Removal 'MOUSE:inst4|MOUSE_CLK_FILTER'
Slack : -0.086
TNS   : -0.670

Type  : Slow 1200mV 85C Model Minimum Pulse Width 'VGA_SYNC_ORIGINAL:inst1|vert_sync_out'
Slack : -1.000
TNS   : -37.000

Type  : Slow 1200mV 85C Model Minimum Pulse Width 'MOUSE:inst4|MOUSE_CLK_FILTER'
Slack : -1.000
TNS   : -35.000

Type  : Slow 1200mV 85C Model Minimum Pulse Width 'clk'
Slack : 9.825
TNS   : 0.000

Type  : Slow 1200mV 85C Model Minimum Pulse Width 'inst|altpll_component|auto_generated|pll1|clk[0]'
Slack : 19.755
TNS   : 0.000

Type  : Slow 1200mV 0C Model Setup 'inst|altpll_component|auto_generated|pll1|clk[0]'
Slack : -3.673
TNS   : -14.685

Type  : Slow 1200mV 0C Model Setup 'VGA_SYNC_ORIGINAL:inst1|vert_sync_out'
Slack : -2.431
TNS   : -45.809

Type  : Slow 1200mV 0C Model Setup 'MOUSE:inst4|MOUSE_CLK_FILTER'
Slack : -1.200
TNS   : -30.534

Type  : Slow 1200mV 0C Model Hold 'inst|altpll_component|auto_generated|pll1|clk[0]'
Slack : -0.287
TNS   : -0.287

Type  : Slow 1200mV 0C Model Hold 'MOUSE:inst4|MOUSE_CLK_FILTER'
Slack : 0.100
TNS   : 0.000

Type  : Slow 1200mV 0C Model Hold 'VGA_SYNC_ORIGINAL:inst1|vert_sync_out'
Slack : 0.438
TNS   : 0.000

Type  : Slow 1200mV 0C Model Recovery 'MOUSE:inst4|MOUSE_CLK_FILTER'
Slack : -0.163
TNS   : -0.733

Type  : Slow 1200mV 0C Model Removal 'MOUSE:inst4|MOUSE_CLK_FILTER'
Slack : 0.124
TNS   : 0.000

Type  : Slow 1200mV 0C Model Minimum Pulse Width 'VGA_SYNC_ORIGINAL:inst1|vert_sync_out'
Slack : -1.000
TNS   : -37.000

Type  : Slow 1200mV 0C Model Minimum Pulse Width 'MOUSE:inst4|MOUSE_CLK_FILTER'
Slack : -1.000
TNS   : -35.000

Type  : Slow 1200mV 0C Model Minimum Pulse Width 'clk'
Slack : 9.785
TNS   : 0.000

Type  : Slow 1200mV 0C Model Minimum Pulse Width 'inst|altpll_component|auto_generated|pll1|clk[0]'
Slack : 19.750
TNS   : 0.000

Type  : Fast 1200mV 0C Model Setup 'inst|altpll_component|auto_generated|pll1|clk[0]'
Slack : -2.077
TNS   : -8.808

Type  : Fast 1200mV 0C Model Setup 'VGA_SYNC_ORIGINAL:inst1|vert_sync_out'
Slack : -1.171
TNS   : -19.107

Type  : Fast 1200mV 0C Model Setup 'MOUSE:inst4|MOUSE_CLK_FILTER'
Slack : -0.378
TNS   : -5.356

Type  : Fast 1200mV 0C Model Hold 'inst|altpll_component|auto_generated|pll1|clk[0]'
Slack : -0.133
TNS   : -0.133

Type  : Fast 1200mV 0C Model Hold 'MOUSE:inst4|MOUSE_CLK_FILTER'
Slack : -0.026
TNS   : -0.026

Type  : Fast 1200mV 0C Model Hold 'VGA_SYNC_ORIGINAL:inst1|vert_sync_out'
Slack : 0.263
TNS   : 0.000

Type  : Fast 1200mV 0C Model Recovery 'MOUSE:inst4|MOUSE_CLK_FILTER'
Slack : 0.138
TNS   : 0.000

Type  : Fast 1200mV 0C Model Removal 'MOUSE:inst4|MOUSE_CLK_FILTER'
Slack : 0.006
TNS   : 0.000

Type  : Fast 1200mV 0C Model Minimum Pulse Width 'VGA_SYNC_ORIGINAL:inst1|vert_sync_out'
Slack : -1.000
TNS   : -37.000

Type  : Fast 1200mV 0C Model Minimum Pulse Width 'MOUSE:inst4|MOUSE_CLK_FILTER'
Slack : -1.000
TNS   : -35.000

Type  : Fast 1200mV 0C Model Minimum Pulse Width 'clk'
Slack : 9.585
TNS   : 0.000

Type  : Fast 1200mV 0C Model Minimum Pulse Width 'inst|altpll_component|auto_generated|pll1|clk[0]'
Slack : 19.783
TNS   : 0.000

------------------------------------------------------------
